// Jest Snapshot v1, https://goo.gl/fbAQLP

exports[`renders without crashing 1`] = `
<div>
  <div
    className="container"
  >
    <label
      className="index"
    >
      Test: 
    </label>
    <label
      className="content"
    >
      TestContent
    </label>
  </div>
  <div>
    <hr
      className="divider"
    />
  </div>
</div>
`;
