// Jest Snapshot v1, https://goo.gl/fbAQLP

exports[`renders without crashing 1`] = `
<div
  className="react-ripples"
  onClick={[Function]}
  style={
    Object {
      "display": "inline-flex",
      "overflow": "hidden",
      "position": "relative",
    }
  }
>
  <button
    className="button medium standard"
    style={
      Object {
        "backgroundColor": undefined,
      }
    }
    type="button"
  >
    <i
      className="material-icons icon"
    >
      chevron_right
    </i>
  </button>
  <s
    style={
      Object {
        "borderRadius": "50%",
        "height": 35,
        "opacity": 0,
        "pointerEvents": "none",
        "position": "absolute",
        "transform": "translate(-50%, -50%)",
        "width": 35,
      }
    }
  />
</div>
`;
