// Jest Snapshot v1, https://goo.gl/fbAQLP

exports[`renders without crashing 1`] = `
<div
  className="container"
>
  <hr
    className="line"
  />
  <button
    className="button standard "
  >
    Test button
  </button>
</div>
`;
