// Jest Snapshot v1, https://goo.gl/fbAQLP

exports[`it renders without crashing 1`] = `
Array [
  <div
    className="container"
  />,
  <div
    className="main"
  >
    <h1>
      PDS Data Handbook
    </h1>
    <div
      className="inputGroup"
    >
      <div
        className="primary  "
      >
        <div
          className="primaryContent"
        >
          <label
            className=""
            htmlFor="Username"
            style={
              Object {
                "alignSelf": "",
              }
            }
          >
            Username
          </label>
          <input
            id="Username"
            onChange={[Function]}
            type="text"
            value=""
          />
          <i
            className="material-icons icon"
          >
            face
          </i>
        </div>
      </div>
      <div
        className="primary  "
      >
        <div
          className="primaryContent"
        >
          <label
            className=""
            htmlFor="Password"
            style={
              Object {
                "alignSelf": "",
              }
            }
          >
            Password
          </label>
          <input
            id="Password"
            onChange={[Function]}
            type="password"
            value=""
          />
          <i
            className="material-icons icon"
          >
            lock
          </i>
        </div>
      </div>
    </div>
    <div
      className="feedbackGroup"
    />
    <div
      className="buttonGroup"
    >
      <div>
        <div
          className="react-ripples"
          onClick={[Function]}
          style={
            Object {
              "display": "inline-flex",
              "overflow": "hidden",
              "position": "relative",
            }
          }
        >
          <button
            className="button medium primary"
            onClick={[Function]}
            style={
              Object {
                "backgroundColor": undefined,
              }
            }
            type="button"
          >
            Log in
            <i
              className="material-icons icon"
              style={
                Object {
                  "fontSize": "",
                }
              }
            >
              chevron_right
            </i>
          </button>
          <s
            style={
              Object {
                "borderRadius": "50%",
                "height": 35,
                "opacity": 0,
                "pointerEvents": "none",
                "position": "absolute",
                "transform": "translate(-50%, -50%)",
                "width": 35,
              }
            }
          />
        </div>
      </div>
      <div
        className="react-ripples"
        onClick={[Function]}
        style={
          Object {
            "display": "inline-flex",
            "overflow": "hidden",
            "position": "relative",
          }
        }
      >
        <button
          className="button medium standard"
          onClick={[Function]}
          style={
            Object {
              "backgroundColor": undefined,
            }
          }
          type="button"
        >
          Register new user
          <i
            className="material-icons icon"
            style={
              Object {
                "fontSize": "",
              }
            }
          >
            chevron_right
          </i>
        </button>
        <s
          style={
            Object {
              "borderRadius": "50%",
              "height": 35,
              "opacity": 0,
              "pointerEvents": "none",
              "position": "absolute",
              "transform": "translate(-50%, -50%)",
              "width": 35,
            }
          }
        />
      </div>
    </div>
  </div>,
]
`;
